V2 3
FL "C:/Users/Felipe/Desktop/P1 - Display/projeto.vhd" 2024/03/20.21:24:49 H.41
EN isim_temp/PROJETO 1710980692    FL "C:/Users/Felipe/Desktop/P1 - Display/projeto.vhd" \
      PB ieee/STD_LOGIC_1164 1116260719 PB ieee/STD_LOGIC_ARITH 1116260721 \
      PB ieee/STD_LOGIC_UNSIGNED 1116260727
AR isim_temp/PROJETO/BEHAVIORAL 1710980693 \
      FL "C:/Users/Felipe/Desktop/P1 - Display/projeto.vhd" EN isim_temp/PROJETO 1710980692
