V2 3
FL "C:/Users/Felipe/Desktop/P1 - Display/projeto.vhd" 2024/03/20.21:39:48 H.41
EN work/PROJETO 1710981594         FL "C:/Users/Felipe/Desktop/P1 - Display/projeto.vhd" \
      PB ieee/STD_LOGIC_1164 1106404628 PB ieee/STD_LOGIC_ARITH 1106404630 \
      PB ieee/STD_LOGIC_UNSIGNED 1106404634
AR work/PROJETO/BEHAVIORAL 1710981595 FL "C:/Users/Felipe/Desktop/P1 - Display/projeto.vhd" \
      EN work/PROJETO 1710981594
