V2 3
FL C:/Users/Felipe/Desktop/transmite_ftec/transmite_ftec.vhd 2024/04/10.21:58:51 H.41
EN work/PROJETO 1712797135         FL C:/Users/Felipe/Desktop/transmite_ftec/transmite_ftec.vhd \
      PB ieee/STD_LOGIC_1164 1106404628
AR work/PROJETO/BEHAVIORAL 1712797136 \
      FL C:/Users/Felipe/Desktop/transmite_ftec/transmite_ftec.vhd \
      EN work/PROJETO 1712797135
