V2 3
FL C:/Users/Felipe/Desktop/multiplexador_99/multiplexador_99.vhd 2024/04/03.21:15:26 H.41
EN work/MULTIPLEXADOR_99 1712189730 \
      FL C:/Users/Felipe/Desktop/multiplexador_99/multiplexador_99.vhd \
      PB ieee/STD_LOGIC_1164 1106404628 PB ieee/STD_LOGIC_ARITH 1106404630 \
      PB ieee/STD_LOGIC_UNSIGNED 1106404634
AR work/MULTIPLEXADOR_99/BEHAVIORAL 1712189731 \
      FL C:/Users/Felipe/Desktop/multiplexador_99/multiplexador_99.vhd \
      EN work/MULTIPLEXADOR_99 1712189730
