AR projeto behavioral "C:/Users/EG/OneDrive/Faculdade/S13/Linguagens e Descrição de Hardware/Aula 07/P1 - Exercicio/projeto/projeto.vhd" sub00/vhpl01 1713400664
EN projeto NULL "C:/Users/EG/OneDrive/Faculdade/S13/Linguagens e Descrição de Hardware/Aula 07/P1 - Exercicio/projeto/projeto.vhd" sub00/vhpl00 1713400663
