V2 3
FL C:/Users/Felipe/Desktop/leitura_digital_2_niveis_logicos/leitura_digitais_2_niveis.vhd 2024/03/27.20:32:02 H.41
EN isim_temp/LEITURA_DIGITAIS_2_NIVEIS 1711582326 \
      FL C:/Users/Felipe/Desktop/leitura_digital_2_niveis_logicos/leitura_digitais_2_niveis.vhd \
      PB ieee/STD_LOGIC_1164 1116260719 PB ieee/STD_LOGIC_ARITH 1116260721 \
      PB ieee/STD_LOGIC_UNSIGNED 1116260727
AR isim_temp/LEITURA_DIGITAIS_2_NIVEIS/BEHAVIORAL 1711582327 \
      FL C:/Users/Felipe/Desktop/leitura_digital_2_niveis_logicos/leitura_digitais_2_niveis.vhd \
      EN isim_temp/LEITURA_DIGITAIS_2_NIVEIS 1711582326
