EN transmite_ftec NULL C:/Users/Felipe/Desktop/transmite_ftec/transmite_ftec.vhd sub00/vhpl00 1712789483
AR projeto behavioral C:/Users/Felipe/Desktop/transmite_ftec/transmite_ftec.vhd sub00/vhpl02 1712793159
EN projeto NULL C:/Users/Felipe/Desktop/transmite_ftec/transmite_ftec.vhd sub00/vhpl01 1712793158
