V2 3
FL C:/Users/Felipe/Desktop/transmite_ftec/transmite_ftec.vhd 2024/04/10.20:52:34 H.41
EN isim_temp/PROJETO 1712793158    FL C:/Users/Felipe/Desktop/transmite_ftec/transmite_ftec.vhd \
      PB ieee/STD_LOGIC_1164 1116260719 PB ieee/STD_LOGIC_ARITH 1116260721 \
      PB ieee/STD_LOGIC_UNSIGNED 1116260727
AR isim_temp/PROJETO/BEHAVIORAL 1712793159 \
      FL C:/Users/Felipe/Desktop/transmite_ftec/transmite_ftec.vhd \
      EN isim_temp/PROJETO 1712793158
