V2 3
FL C:/Users/Felipe/Desktop/multiplicador_99/multiplicador_99.vhd 2024/03/27.21:20:25 H.41
EN work/MULTIPLICADOR_99 1712183398 \
      FL C:/Users/Felipe/Desktop/multiplicador_99/multiplicador_99.vhd \
      PB ieee/STD_LOGIC_1164 1106404628 PB ieee/STD_LOGIC_ARITH 1106404630 \
      PB ieee/STD_LOGIC_UNSIGNED 1106404634
AR work/MULTIPLICADOR_99/BEHAVIORAL 1712183399 \
      FL C:/Users/Felipe/Desktop/multiplicador_99/multiplicador_99.vhd \
      EN work/MULTIPLICADOR_99 1712183398
