V2 3
FL C:/Users/Felipe/Desktop/multiplicador_99/multiplicador_99.vhd 2024/03/27.21:20:25 H.41
EN isim_temp/MULTIPLICADOR_99 1712183383 \
      FL C:/Users/Felipe/Desktop/multiplicador_99/multiplicador_99.vhd \
      PB ieee/STD_LOGIC_1164 1116260719 PB ieee/STD_LOGIC_ARITH 1116260721 \
      PB ieee/STD_LOGIC_UNSIGNED 1116260727
AR isim_temp/MULTIPLICADOR_99/BEHAVIORAL 1712183384 \
      FL C:/Users/Felipe/Desktop/multiplicador_99/multiplicador_99.vhd \
      EN isim_temp/MULTIPLICADOR_99 1712183383
